Archive member included to satisfy reference by file (symbol)

c:/program files (x86)/atollic/truestudio for stm32 9.2.0/armtools/bin/../lib/gcc/arm-atollic-eabi/6.3.1/../../../../arm-atollic-eabi/lib/armv7-m\libc.a(lib_a-errno.o)
                              Src\syscalls.o (__errno)
c:/program files (x86)/atollic/truestudio for stm32 9.2.0/armtools/bin/../lib/gcc/arm-atollic-eabi/6.3.1/../../../../arm-atollic-eabi/lib/armv7-m\libc.a(lib_a-impure.o)
                              c:/program files (x86)/atollic/truestudio for stm32 9.2.0/armtools/bin/../lib/gcc/arm-atollic-eabi/6.3.1/../../../../arm-atollic-eabi/lib/armv7-m\libc.a(lib_a-errno.o) (_impure_ptr)
c:/program files (x86)/atollic/truestudio for stm32 9.2.0/armtools/bin/../lib/gcc/arm-atollic-eabi/6.3.1/../../../../arm-atollic-eabi/lib/armv7-m\libc.a(lib_a-init.o)
                              startup\startup_stm32f103xb.o (__libc_init_array)
c:/program files (x86)/atollic/truestudio for stm32 9.2.0/armtools/bin/../lib/gcc/arm-atollic-eabi/6.3.1/../../../../arm-atollic-eabi/lib/armv7-m\libc.a(lib_a-memset.o)
                              Drivers\STM32F1xx_HAL_Driver\Src\stm32f1xx_hal_rcc.o (memset)
c:/program files (x86)/atollic/truestudio for stm32 9.2.0/armtools/bin/../lib/gcc/arm-atollic-eabi/6.3.1/../../../../arm-atollic-eabi/lib/armv7-m\libm.a(lib_a-w_atan2.o)
                              Src\main.o (atan2)
c:/program files (x86)/atollic/truestudio for stm32 9.2.0/armtools/bin/../lib/gcc/arm-atollic-eabi/6.3.1/../../../../arm-atollic-eabi/lib/armv7-m\libm.a(lib_a-e_atan2.o)
                              c:/program files (x86)/atollic/truestudio for stm32 9.2.0/armtools/bin/../lib/gcc/arm-atollic-eabi/6.3.1/../../../../arm-atollic-eabi/lib/armv7-m\libm.a(lib_a-w_atan2.o) (__ieee754_atan2)
c:/program files (x86)/atollic/truestudio for stm32 9.2.0/armtools/bin/../lib/gcc/arm-atollic-eabi/6.3.1/../../../../arm-atollic-eabi/lib/armv7-m\libm.a(lib_a-s_atan.o)
                              c:/program files (x86)/atollic/truestudio for stm32 9.2.0/armtools/bin/../lib/gcc/arm-atollic-eabi/6.3.1/../../../../arm-atollic-eabi/lib/armv7-m\libm.a(lib_a-e_atan2.o) (atan)
c:/program files (x86)/atollic/truestudio for stm32 9.2.0/armtools/bin/../lib/gcc/arm-atollic-eabi/6.3.1/../../../../arm-atollic-eabi/lib/armv7-m\libm.a(lib_a-s_fabs.o)
                              c:/program files (x86)/atollic/truestudio for stm32 9.2.0/armtools/bin/../lib/gcc/arm-atollic-eabi/6.3.1/../../../../arm-atollic-eabi/lib/armv7-m\libm.a(lib_a-e_atan2.o) (fabs)
c:/program files (x86)/atollic/truestudio for stm32 9.2.0/armtools/bin/../lib/gcc/arm-atollic-eabi/6.3.1/armv7-m\libgcc.a(_lshrdi3.o)
                              Drivers\STM32F1xx_HAL_Driver\Src\stm32f1xx_hal_flash.o (__aeabi_llsr)
c:/program files (x86)/atollic/truestudio for stm32 9.2.0/armtools/bin/../lib/gcc/arm-atollic-eabi/6.3.1/armv7-m\libgcc.a(_arm_addsubdf3.o)
                              c:/program files (x86)/atollic/truestudio for stm32 9.2.0/armtools/bin/../lib/gcc/arm-atollic-eabi/6.3.1/../../../../arm-atollic-eabi/lib/armv7-m\libm.a(lib_a-e_atan2.o) (__aeabi_dsub)
c:/program files (x86)/atollic/truestudio for stm32 9.2.0/armtools/bin/../lib/gcc/arm-atollic-eabi/6.3.1/armv7-m\libgcc.a(_arm_muldivdf3.o)
                              Src\main.o (__aeabi_dmul)
c:/program files (x86)/atollic/truestudio for stm32 9.2.0/armtools/bin/../lib/gcc/arm-atollic-eabi/6.3.1/armv7-m\libgcc.a(_arm_cmpdf2.o)
                              c:/program files (x86)/atollic/truestudio for stm32 9.2.0/armtools/bin/../lib/gcc/arm-atollic-eabi/6.3.1/../../../../arm-atollic-eabi/lib/armv7-m\libm.a(lib_a-s_atan.o) (__aeabi_dcmpgt)
c:/program files (x86)/atollic/truestudio for stm32 9.2.0/armtools/bin/../lib/gcc/arm-atollic-eabi/6.3.1/armv7-m\libgcc.a(_arm_fixunsdfsi.o)
                              Src\main.o (__aeabi_d2uiz)
c:/program files (x86)/atollic/truestudio for stm32 9.2.0/armtools/bin/../lib/gcc/arm-atollic-eabi/6.3.1/armv7-m\libgcc.a(_arm_truncdfsf2.o)
                              Src\main.o (__aeabi_d2f)
c:/program files (x86)/atollic/truestudio for stm32 9.2.0/armtools/bin/../lib/gcc/arm-atollic-eabi/6.3.1/armv7-m\libgcc.a(_arm_addsubsf3.o)
                              Src\main.o (__aeabi_fsub)
c:/program files (x86)/atollic/truestudio for stm32 9.2.0/armtools/bin/../lib/gcc/arm-atollic-eabi/6.3.1/armv7-m\libgcc.a(_arm_muldivsf3.o)
                              Src\main.o (__aeabi_fmul)
c:/program files (x86)/atollic/truestudio for stm32 9.2.0/armtools/bin/../lib/gcc/arm-atollic-eabi/6.3.1/armv7-m\libgcc.a(_arm_cmpsf2.o)
                              Src\main.o (__aeabi_fcmplt)
c:/program files (x86)/atollic/truestudio for stm32 9.2.0/armtools/bin/../lib/gcc/arm-atollic-eabi/6.3.1/armv7-m\libgcc.a(_arm_fixsfsi.o)
                              Src\main.o (__aeabi_f2iz)

Allocating common symbols
Common symbol       size              file

huart3              0x40              Src\usart.o
[...]
Memory Configuration

Name             Origin             Length             Attributes
RAM              0x20000000         0x00005000         xrw
FLASH            0x08000000         0x00020000         xr
*default*        0x00000000         0xffffffff

Linker script and memory map

LOAD c:/program files (x86)/atollic/truestudio for stm32 9.2.0/armtools/bin/../lib/gcc/arm-atollic-eabi/6.3.1/armv7-m/crti.o
LOAD c:/program files (x86)/atollic/truestudio for stm32 9.2.0/armtools/bin/../lib/gcc/arm-atollic-eabi/6.3.1/armv7-m/crtbegin.o
LOAD Drivers\STM32F1xx_HAL_Driver\Src\stm32f1xx_hal.o
LOAD Drivers\STM32F1xx_HAL_Driver\Src\stm32f1xx_hal_cortex.o
LOAD Drivers\STM32F1xx_HAL_Driver\Src\stm32f1xx_hal_dma.o
LOAD Drivers\STM32F1xx_HAL_Driver\Src\stm32f1xx_hal_flash.o
LOAD Drivers\STM32F1xx_HAL_Driver\Src\stm32f1xx_hal_flash_ex.o
LOAD Drivers\STM32F1xx_HAL_Driver\Src\stm32f1xx_hal_gpio.o
LOAD Drivers\STM32F1xx_HAL_Driver\Src\stm32f1xx_hal_gpio_ex.o
LOAD Drivers\STM32F1xx_HAL_Driver\Src\stm32f1xx_hal_i2c.o
LOAD Drivers\STM32F1xx_HAL_Driver\Src\stm32f1xx_hal_pwr.o
LOAD Drivers\STM32F1xx_HAL_Driver\Src\stm32f1xx_hal_rcc.o
LOAD Drivers\STM32F1xx_HAL_Driver\Src\stm32f1xx_hal_rcc_ex.o
LOAD Drivers\STM32F1xx_HAL_Driver\Src\stm32f1xx_hal_tim.o
LOAD Drivers\STM32F1xx_HAL_Driver\Src\stm32f1xx_hal_tim_ex.o
LOAD Drivers\STM32F1xx_HAL_Driver\Src\stm32f1xx_hal_uart.o
LOAD Src\MPU6050.o
LOAD Src\gpio.o
LOAD Src\i2c.o
LOAD Src\main.o
LOAD Src\stm32f1xx_hal_msp.o
LOAD Src\stm32f1xx_it.o
LOAD Src\syscalls.o
LOAD Src\system_stm32f1xx.o
LOAD Src\tim.o
LOAD Src\usart.o
LOAD startup\startup_stm32f103xb.o
                0x00000080                malloc_getpagesize_P = 0x80
START GROUP
LOAD c:/program files (x86)/atollic/truestudio for stm32 9.2.0/armtools/bin/../lib/gcc/arm-atollic-eabi/6.3.1/../../../../arm-atollic-eabi/lib/armv7-m\libc.a
LOAD c:/program files (x86)/atollic/truestudio for stm32 9.2.0/armtools/bin/../lib/gcc/arm-atollic-eabi/6.3.1/../../../../arm-atollic-eabi/lib/armv7-m\libm.a
END GROUP
START GROUP
LOAD c:/program files (x86)/atollic/truestudio for stm32 9.2.0/armtools/bin/../lib/gcc/arm-atollic-eabi/6.3.1/armv7-m\libgcc.a
LOAD c:/program files (x86)/atollic/truestudio for stm32 9.2.0/armtools/bin/../lib/gcc/arm-atollic-eabi/6.3.1/../../../../arm-atollic-eabi/lib/armv7-m\libc.a
END GROUP
START GROUP
LOAD c:/program files (x86)/atollic/truestudio for stm32 9.2.0/armtools/bin/../lib/gcc/arm-atollic-eabi/6.3.1/armv7-m\libgcc.a
LOAD c:/program files (x86)/atollic/truestudio for stm32 9.2.0/armtools/bin/../lib/gcc/arm-atollic-eabi/6.3.1/../../../../arm-atollic-eabi/lib/armv7-m\libc.a
LOAD c:/program files (x86)/atollic/truestudio for stm32 9.2.0/armtools/bin/../lib/gcc/arm-atollic-eabi/6.3.1/../../../../arm-atollic-eabi/lib/armv7-m\libnosys.a
END GROUP
LOAD c:/program files (x86)/atollic/truestudio for stm32 9.2.0/armtools/bin/../lib/gcc/arm-atollic-eabi/6.3.1/armv7-m/crtend.o
LOAD c:/program files (x86)/atollic/truestudio for stm32 9.2.0/armtools/bin/../lib/gcc/arm-atollic-eabi/6.3.1/armv7-m/crtn.o
                0x20005000                _estack = 0x20005000
                0x00000200                _Min_Heap_Size = 0x200
                0x00000400                _Min_Stack_Size = 0x400

.isr_vector     0x08000000      0x10c
                0x08000000                . = ALIGN (0x4)
 *(.isr_vector)
 .isr_vector    0x08000000      0x10c startup\startup_stm32f103xb.o
                0x08000000                g_pfnVectors
                0x0800010c                . = ALIGN (0x4)

.text           0x08000110     0x3e34
                0x08000110                . = ALIGN (0x4)
 *(.text)
 .text          0x08000110       0x40 c:/program files (x86)/atollic/truestudio for stm32 9.2.0/armtools/bin/../lib/gcc/arm-atollic-eabi/6.3.1/armv7-m/crtbegin.o
 .text          0x08000150      0x370 c:/program files (x86)/atollic/truestudio for stm32 9.2.0/armtools/bin/../lib/gcc/arm-atollic-eabi/6.3.1/armv7-m\libgcc.a(_arm_addsubdf3.o)
                0x08000150                __aeabi_drsub
                0x08000158                __aeabi_dsub
                0x08000158                __subdf3
                0x0800015c                __aeabi_dadd
                0x0800015c                __adddf3
                0x080003d4                __floatunsidf
                0x080003d4                __aeabi_ui2d
                0x080003f4                __floatsidf
                0x080003f4                __aeabi_i2d
                0x08000418                __aeabi_f2d
                0x08000418                __extendsfdf2
                0x08000454                __floatundidf
                0x08000454                __aeabi_ul2d
                0x08000464                __floatdidf
                0x08000464                __aeabi_l2d
 .text          0x080004c0      0x424 c:/program files (x86)/atollic/truestudio for stm32 9.2.0/armtools/bin/../lib/gcc/arm-atollic-eabi/6.3.1/armv7-m\libgcc.a(_arm_muldivdf3.o)
                0x080004c0                __aeabi_dmul
                0x080004c0                __muldf3
                0x08000714                __divdf3
                0x08000714                __aeabi_ddiv
 .text          0x080008e4      0x110 c:/program files (x86)/atollic/truestudio for stm32 9.2.0/armtools/bin/../lib/gcc/arm-atollic-eabi/6.3.1/armv7-m\libgcc.a(_arm_cmpdf2.o)
                0x080008e4                __gtdf2
                0x080008e4                __gedf2
                0x080008ec                __ltdf2
                0x080008ec                __ledf2
                0x080008f4                __nedf2
                0x080008f4                __eqdf2
                0x080008f4                __cmpdf2
                0x08000970                __aeabi_cdrcmple
                0x08000980                __aeabi_cdcmpeq
                0x08000980                __aeabi_cdcmple
                0x08000990                __aeabi_dcmpeq
                0x080009a4                __aeabi_dcmplt
                0x080009b8                __aeabi_dcmple
                0x080009cc                __aeabi_dcmpge
                0x080009e0                __aeabi_dcmpgt
 .text          0x080009f4       0x40 c:/program files (x86)/atollic/truestudio for stm32 9.2.0/armtools/bin/../lib/gcc/arm-atollic-eabi/6.3.1/armv7-m\libgcc.a(_arm_fixunsdfsi.o)
                0x080009f4                __aeabi_d2uiz
                0x080009f4                __fixunsdfsi
 .text          0x08000a34       0xa0 c:/program files (x86)/atollic/truestudio for stm32 9.2.0/armtools/bin/../lib/gcc/arm-atollic-eabi/6.3.1/armv7-m\libgcc.a(_arm_truncdfsf2.o)
                0x08000a34                __truncdfsf2
                0x08000a34                __aeabi_d2f
 .text          0x08000ad4      0x21c c:/program files (x86)/atollic/truestudio for stm32 9.2.0/armtools/bin/../lib/gcc/arm-atollic-eabi/6.3.1/armv7-m\libgcc.a(_arm_addsubsf3.o)
                0x08000ad4                __aeabi_frsub
                0x08000adc                __subsf3
                0x08000adc                __aeabi_fsub
                0x08000ae0                __aeabi_fadd
                0x08000ae0                __addsf3
                0x08000c40                __aeabi_ui2f
                0x08000c40                __floatunsisf
                0x08000c48                __aeabi_i2f
                0x08000c48                __floatsisf
                0x08000c64                __aeabi_ul2f
                0x08000c64                __floatundisf
                0x08000c74                __aeabi_l2f
                0x08000c74                __floatdisf
 .text          0x08000cf0      0x2a0 c:/program files (x86)/atollic/truestudio for stm32 9.2.0/armtools/bin/../lib/gcc/arm-atollic-eabi/6.3.1/armv7-m\libgcc.a(_arm_muldivsf3.o)
                0x08000cf0                __mulsf3
                0x08000cf0                __aeabi_fmul
                0x08000e58                __aeabi_fdiv
                0x08000e58                __divsf3
 .text          0x08000f90       0xec c:/program files (x86)/atollic/truestudio for stm32 9.2.0/armtools/bin/../lib/gcc/arm-atollic-eabi/6.3.1/armv7-m\libgcc.a(_arm_cmpsf2.o)
                0x08000f90                __gesf2
                0x08000f90                __gtsf2
                0x08000f98                __lesf2
                0x08000f98                __ltsf2
                0x08000fa0                __nesf2
                0x08000fa0                __eqsf2
                0x08000fa0                __cmpsf2
                0x08001000                __aeabi_cfrcmple
                0x08001008                __aeabi_cfcmpeq
                0x08001008                __aeabi_cfcmple
                0x08001018                __aeabi_fcmpeq
                0x0800102c                __aeabi_fcmplt
                0x08001040                __aeabi_fcmple
                0x08001054                __aeabi_fcmpge
                0x08001068                __aeabi_fcmpgt
 .text          0x0800107c       0x4c c:/program files (x86)/atollic/truestudio for stm32 9.2.0/armtools/bin/../lib/gcc/arm-atollic-eabi/6.3.1/armv7-m\libgcc.a(_arm_fixsfsi.o)
                0x0800107c                __aeabi_f2iz
                0x0800107c                __fixsfsi
 *(.text*)
 .text.HAL_InitTick
                0x080010c8       0x48 Drivers\STM32F1xx_HAL_Driver\Src\stm32f1xx_hal.o
                0x080010c8                HAL_InitTick
 .text.HAL_Init
                0x08001110       0x24 Drivers\STM32F1xx_HAL_Driver\Src\stm32f1xx_hal.o
                0x08001110                HAL_Init
 .text.HAL_IncTick
                0x08001134       0x18 Drivers\STM32F1xx_HAL_Driver\Src\stm32f1xx_hal.o
                0x08001134                HAL_IncTick
 .text.HAL_GetTick
                0x0800114c        0xc Drivers\STM32F1xx_HAL_Driver\Src\stm32f1xx_hal.o
                0x0800114c                HAL_GetTick
 .text.HAL_Delay
                0x08001158       0x24 Drivers\STM32F1xx_HAL_Driver\Src\stm32f1xx_hal.o
                0x08001158                HAL_Delay
 .text.HAL_NVIC_SetPriorityGrouping
                0x0800117c       0x24 Drivers\STM32F1xx_HAL_Driver\Src\stm32f1xx_hal_cortex.o
                0x0800117c                HAL_NVIC_SetPriorityGrouping
 .text.HAL_NVIC_SetPriority
                0x080011a0       0x68 Drivers\STM32F1xx_HAL_Driver\Src\stm32f1xx_hal_cortex.o
                0x080011a0                HAL_NVIC_SetPriority
 .text.HAL_NVIC_EnableIRQ
                0x08001208       0x18 Drivers\STM32F1xx_HAL_Driver\Src\stm32f1xx_hal_cortex.o
                0x08001208                HAL_NVIC_EnableIRQ
 .text.HAL_SYSTICK_Config
                0x08001220       0x2c Drivers\STM32F1xx_HAL_Driver\Src\stm32f1xx_hal_cortex.o
                0x08001220                HAL_SYSTICK_Config
 .text.HAL_DMA_Abort_IT
                0x0800124c       0x90 Drivers\STM32F1xx_HAL_Driver\Src\stm32f1xx_hal_dma.o
                0x0800124c                HAL_DMA_Abort_IT
 .text.HAL_GPIO_Init
                0x080012dc      0x1c0 Drivers\STM32F1xx_HAL_Driver\Src\stm32f1xx_hal_gpio.o
                0x080012dc                HAL_GPIO_Init
 .text.HAL_GPIO_WritePin
                0x0800149c        0xa Drivers\STM32F1xx_HAL_Driver\Src\stm32f1xx_hal_gpio.o
                0x0800149c                HAL_GPIO_WritePin
 .text.I2C_IsAcknowledgeFailed
                0x080014a6       0x2a Drivers\STM32F1xx_HAL_Driver\Src\stm32f1xx_hal_i2c.o
 .text.I2C_WaitOnMasterAddressFlagUntilTimeout
                0x080014d0       0x80 Drivers\STM32F1xx_HAL_Driver\Src\stm32f1xx_hal_i2c.o
 .text.I2C_WaitOnFlagUntilTimeout
                0x08001550       0x5c Drivers\STM32F1xx_HAL_Driver\Src\stm32f1xx_hal_i2c.o
 .text.I2C_WaitOnTXEFlagUntilTimeout
                0x080015ac       0x4c Drivers\STM32F1xx_HAL_Driver\Src\stm32f1xx_hal_i2c.o
 .text.I2C_RequestMemoryWrite
                0x080015f8       0xa4 Drivers\STM32F1xx_HAL_Driver\Src\stm32f1xx_hal_i2c.o
 .text.I2C_RequestMemoryRead
                0x0800169c       0xf4 Drivers\STM32F1xx_HAL_Driver\Src\stm32f1xx_hal_i2c.o
 .text.I2C_WaitOnRXNEFlagUntilTimeout
                0x08001790       0x5a Drivers\STM32F1xx_HAL_Driver\Src\stm32f1xx_hal_i2c.o
 .text.I2C_WaitOnBTFFlagUntilTimeout
                0x080017ea       0x4c Drivers\STM32F1xx_HAL_Driver\Src\stm32f1xx_hal_i2c.o
 *fill*         0x08001836        0x2 
 .text.HAL_I2C_Init
                0x08001838      0x100 Drivers\STM32F1xx_HAL_Driver\Src\stm32f1xx_hal_i2c.o
                0x08001838                HAL_I2C_Init
 .text.HAL_I2C_Mem_Write
                0x08001938      0x12c Drivers\STM32F1xx_HAL_Driver\Src\stm32f1xx_hal_i2c.o
                0x08001938                HAL_I2C_Mem_Write
 .text.HAL_I2C_Mem_Read
                0x08001a64      0x240 Drivers\STM32F1xx_HAL_Driver\Src\stm32f1xx_hal_i2c.o
                0x08001a64                HAL_I2C_Mem_Read
 .text.HAL_RCC_OscConfig
                0x08001ca4      0x318 Drivers\STM32F1xx_HAL_Driver\Src\stm32f1xx_hal_rcc.o
                0x08001ca4                HAL_RCC_OscConfig
 .text.HAL_RCC_GetSysClockFreq
                0x08001fbc       0x84 Drivers\STM32F1xx_HAL_Driver\Src\stm32f1xx_hal_rcc.o
                0x08001fbc                HAL_RCC_GetSysClockFreq
 .text.HAL_RCC_ClockConfig
                0x08002040      0x164 Drivers\STM32F1xx_HAL_Driver\Src\stm32f1xx_hal_rcc.o
                0x08002040                HAL_RCC_ClockConfig
 .text.HAL_RCC_GetPCLK1Freq
                0x080021a4       0x20 Drivers\STM32F1xx_HAL_Driver\Src\stm32f1xx_hal_rcc.o
                0x080021a4                HAL_RCC_GetPCLK1Freq
 .text.HAL_RCC_GetPCLK2Freq
                0x080021c4       0x20 Drivers\STM32F1xx_HAL_Driver\Src\stm32f1xx_hal_rcc.o
                0x080021c4                HAL_RCC_GetPCLK2Freq
 .text.TIM_OC1_SetConfig
                0x080021e4       0x50 Drivers\STM32F1xx_HAL_Driver\Src\stm32f1xx_hal_tim.o
 .text.TIM_OC3_SetConfig
                0x08002234       0x54 Drivers\STM32F1xx_HAL_Driver\Src\stm32f1xx_hal_tim.o
 .text.TIM_OC4_SetConfig
                0x08002288       0x44 Drivers\STM32F1xx_HAL_Driver\Src\stm32f1xx_hal_tim.o
 .text.HAL_TIM_Base_Start_IT
                0x080022cc       0x16 Drivers\STM32F1xx_HAL_Driver\Src\stm32f1xx_hal_tim.o
                0x080022cc                HAL_TIM_Base_Start_IT
 .text.HAL_TIM_PWM_MspInit
                0x080022e2        0x2 Drivers\STM32F1xx_HAL_Driver\Src\stm32f1xx_hal_tim.o
                0x080022e2                HAL_TIM_PWM_MspInit
 .text.HAL_TIM_ConfigClockSource
                0x080022e4      0x172 Drivers\STM32F1xx_HAL_Driver\Src\stm32f1xx_hal_tim.o
                0x080022e4                HAL_TIM_ConfigClockSource
 .text.HAL_TIM_OC_DelayElapsedCallback
                0x08002456        0x2 Drivers\STM32F1xx_HAL_Driver\Src\stm32f1xx_hal_tim.o
                0x08002456                HAL_TIM_OC_DelayElapsedCallback
 .text.HAL_TIM_IC_CaptureCallback
                0x08002458        0x2 Drivers\STM32F1xx_HAL_Driver\Src\stm32f1xx_hal_tim.o
                0x08002458                HAL_TIM_IC_CaptureCallback
 .text.HAL_TIM_PWM_PulseFinishedCallback
                0x0800245a        0x2 Drivers\STM32F1xx_HAL_Driver\Src\stm32f1xx_hal_tim.o
                0x0800245a                HAL_TIM_PWM_PulseFinishedCallback
 .text.HAL_TIM_TriggerCallback
                0x0800245c        0x2 Drivers\STM32F1xx_HAL_Driver\Src\stm32f1xx_hal_tim.o
                0x0800245c                HAL_TIM_TriggerCallback
 .text.HAL_TIM_IRQHandler
                0x0800245e      0x144 Drivers\STM32F1xx_HAL_Driver\Src\stm32f1xx_hal_tim.o
                0x0800245e                HAL_TIM_IRQHandler
 *fill*         0x080025a2        0x2 
 .text.TIM_Base_SetConfig
                0x080025a4       0x70 Drivers\STM32F1xx_HAL_Driver\Src\stm32f1xx_hal_tim.o
                0x080025a4                TIM_Base_SetConfig
 .text.HAL_TIM_Base_Init
                0x08002614       0x34 Drivers\STM32F1xx_HAL_Driver\Src\stm32f1xx_hal_tim.o
                0x08002614                HAL_TIM_Base_Init
 .text.HAL_TIM_PWM_Init
                0x08002648       0x34 Drivers\STM32F1xx_HAL_Driver\Src\stm32f1xx_hal_tim.o
                0x08002648                HAL_TIM_PWM_Init
 .text.TIM_OC2_SetConfig
                0x0800267c       0x58 Drivers\STM32F1xx_HAL_Driver\Src\stm32f1xx_hal_tim.o
                0x0800267c                TIM_OC2_SetConfig
 .text.HAL_TIM_PWM_ConfigChannel
                0x080026d4       0xc4 Drivers\STM32F1xx_HAL_Driver\Src\stm32f1xx_hal_tim.o
                0x080026d4                HAL_TIM_PWM_ConfigChannel
 .text.TIM_CCxChannelCmd
                0x08002798       0x18 Drivers\STM32F1xx_HAL_Driver\Src\stm32f1xx_hal_tim.o
                0x08002798                TIM_CCxChannelCmd
 .text.HAL_TIM_PWM_Start
                0x080027b0       0x2c Drivers\STM32F1xx_HAL_Driver\Src\stm32f1xx_hal_tim.o
                0x080027b0                HAL_TIM_PWM_Start
 .text.HAL_TIMEx_MasterConfigSynchronization
                0x080027dc       0x44 Drivers\STM32F1xx_HAL_Driver\Src\stm32f1xx_hal_tim_ex.o
                0x080027dc                HAL_TIMEx_MasterConfigSynchronization
 .text.HAL_TIMEx_CommutationCallback
                0x08002820        0x2 Drivers\STM32F1xx_HAL_Driver\Src\stm32f1xx_hal_tim_ex.o
                0x08002820                HAL_TIMEx_CommutationCallback
 .text.HAL_TIMEx_BreakCallback
                0x08002822        0x2 Drivers\STM32F1xx_HAL_Driver\Src\stm32f1xx_hal_tim_ex.o
                0x08002822                HAL_TIMEx_BreakCallback
 .text.UART_EndRxTransfer
                0x08002824       0x1a Drivers\STM32F1xx_HAL_Driver\Src\stm32f1xx_hal_uart.o
 *fill*         0x0800283e        0x2 
 .text.UART_SetConfig
                0x08002840      0x13c Drivers\STM32F1xx_HAL_Driver\Src\stm32f1xx_hal_uart.o
 .text.HAL_UART_Init
                0x0800297c       0x5c Drivers\STM32F1xx_HAL_Driver\Src\stm32f1xx_hal_uart.o
                0x0800297c                HAL_UART_Init
 .text.HAL_UART_Receive_IT
                0x080029d8       0x4e Drivers\STM32F1xx_HAL_Driver\Src\stm32f1xx_hal_uart.o
                0x080029d8                HAL_UART_Receive_IT
 .text.HAL_UART_TxCpltCallback
                0x08002a26        0x2 Drivers\STM32F1xx_HAL_Driver\Src\stm32f1xx_hal_uart.o
                0x08002a26                HAL_UART_TxCpltCallback
 .text.UART_Receive_IT
                0x08002a28       0x7c Drivers\STM32F1xx_HAL_Driver\Src\stm32f1xx_hal_uart.o
 .text.HAL_UART_ErrorCallback
                0x08002aa4        0x2 Drivers\STM32F1xx_HAL_Driver\Src\stm32f1xx_hal_uart.o
                0x08002aa4                HAL_UART_ErrorCallback
 *fill*         0x08002aa6        0x2 
 .text.HAL_UART_IRQHandler
                0x08002aa8      0x140 Drivers\STM32F1xx_HAL_Driver\Src\stm32f1xx_hal_uart.o
                0x08002aa8                HAL_UART_IRQHandler
 .text.UART_DMAAbortOnError
                0x08002be8       0x10 Drivers\STM32F1xx_HAL_Driver\Src\stm32f1xx_hal_uart.o
 .text.MPU6050_ReadOneByte
                0x08002bf8       0x30 Src\MPU6050.o
                0x08002bf8                MPU6050_ReadOneByte
 .text.MPU6050_WriteOneByte
                0x08002c28       0x28 Src\MPU6050.o
                0x08002c28                MPU6050_WriteOneByte
 .text.MPU6050_WriteBits
                0x08002c50       0x3e Src\MPU6050.o
                0x08002c50                MPU6050_WriteBits
 .text.MPU6050_WriteOneBit
                0x08002c8e       0x2a Src\MPU6050.o
                0x08002c8e                MPU6050_WriteOneBit
 .text.MPU6050_ReadBuff
                0x08002cb8       0x28 Src\MPU6050.o
                0x08002cb8                MPU6050_ReadBuff
 .text.MPU6050_SetClockSource
                0x08002ce0        0xc Src\MPU6050.o
                0x08002ce0                MPU6050_SetClockSource
 .text.MPU6050_SetFullScaleGyroRange
                0x08002cec        0xc Src\MPU6050.o
                0x08002cec                MPU6050_SetFullScaleGyroRange
 .text.MPU6050_SetLPF
                0x08002cf8        0x8 Src\MPU6050.o
                0x08002cf8                MPU6050_SetLPF
 .text.MPU6050_SetFullScaleAccelRange
                0x08002d00        0xc Src\MPU6050.o
                0x08002d00                MPU6050_SetFullScaleAccelRange
 .text.MPU6050_SetSleepEnabled
                0x08002d0c        0xa Src\MPU6050.o
                0x08002d0c                MPU6050_SetSleepEnabled
 .text.MPU6050_SetI2CMasterModeEnabled
                0x08002d16        0xa Src\MPU6050.o
                0x08002d16                MPU6050_SetI2CMasterModeEnabled
 .text.MPU6050_SetI2CBypassEnabled
                0x08002d20        0xa Src\MPU6050.o
                0x08002d20                MPU6050_SetI2CBypassEnabled
 .text.MPU6050_GetData
                0x08002d2a       0xaa Src\MPU6050.o
                0x08002d2a                MPU6050_GetData
 .text.MPU6050_Init
                0x08002dd4       0x6a Src\MPU6050.o
                0x08002dd4                MPU6050_Init
 *fill*         0x08002e3e        0x2 
 .text.MX_GPIO_Init
                0x08002e40       0xb8 Src\gpio.o
                0x08002e40                MX_GPIO_Init
 .text.MX_I2C2_Init
                0x08002ef8       0x40 Src\i2c.o
                0x08002ef8                MX_I2C2_Init
 .text.HAL_I2C_MspInit
                0x08002f38       0x64 Src\i2c.o
                0x08002f38                HAL_I2C_MspInit
 .text.setPoint
                0x08002f9c       0x1c Src\main.o
                0x08002f9c                setPoint
 .text.update   0x08002fb8       0x72 Src\main.o
                0x08002fb8                update
 *fill*         0x0800302a        0x2 
 .text.MotorInit
                0x0800302c       0x1c Src\main.o
                0x0800302c                MotorInit
 .text.MotorStop
                0x08003048       0x24 Src\main.o
                0x08003048                MotorStop
 *fill*         0x0800306c        0x4 
 .text.MotorBackward
                0x08003070       0x90 Src\main.o
                0x08003070                MotorBackward
 .text.MotorForward
                0x08003100       0x90 Src\main.o
                0x08003100                MotorForward
 .text.HAL_UART_RxCpltCallback
                0x08003190       0xb4 Src\main.o
                0x08003190                HAL_UART_RxCpltCallback
 *fill*         0x08003244        0x4 
 .text.HAL_TIM_PeriodElapsedCallback
                0x08003248      0x248 Src\main.o
                0x08003248                HAL_TIM_PeriodElapsedCallback
 .text.SystemClock_Config
                0x08003490       0x54 Src\main.o
                0x08003490                SystemClock_Config
 .text.startup.main
                0x080034e4       0x94 Src\main.o
                0x080034e4                main
 .text.Error_Handler
                0x08003578        0x2 Src\main.o
                0x08003578                Error_Handler
 *fill*         0x0800357a        0x2 
 .text.HAL_MspInit
                0x0800357c       0x4c Src\stm32f1xx_hal_msp.o
                0x0800357c                HAL_MspInit
 .text.NMI_Handler
                0x080035c8        0x2 Src\stm32f1xx_it.o
                0x080035c8                NMI_Handler
 .text.HardFault_Handler
                0x080035ca        0x2 Src\stm32f1xx_it.o
                0x080035ca                HardFault_Handler
 .text.MemManage_Handler
                0x080035cc        0x2 Src\stm32f1xx_it.o
                0x080035cc                MemManage_Handler
 .text.BusFault_Handler
                0x080035ce        0x2 Src\stm32f1xx_it.o
                0x080035ce                BusFault_Handler
 .text.UsageFault_Handler
                0x080035d0        0x2 Src\stm32f1xx_it.o
                0x080035d0                UsageFault_Handler
 .text.SVC_Handler
                0x080035d2        0x2 Src\stm32f1xx_it.o
                0x080035d2                SVC_Handler
 .text.DebugMon_Handler
                0x080035d4        0x2 Src\stm32f1xx_it.o
                0x080035d4                DebugMon_Handler
 .text.PendSV_Handler
                0x080035d6        0x2 Src\stm32f1xx_it.o
                0x080035d6                PendSV_Handler
 .text.SysTick_Handler
                0x080035d8        0x4 Src\stm32f1xx_it.o
                0x080035d8                SysTick_Handler
 .text.TIM2_IRQHandler
                0x080035dc        0xc Src\stm32f1xx_it.o
                0x080035dc                TIM2_IRQHandler
 .text.USART1_IRQHandler
                0x080035e8        0xc Src\stm32f1xx_it.o
                0x080035e8                USART1_IRQHandler
 .text.USART3_IRQHandler
                0x080035f4        0xc Src\stm32f1xx_it.o
                0x080035f4                USART3_IRQHandler
 .text.SystemInit
                0x08003600       0x4c Src\system_stm32f1xx.o
                0x08003600                SystemInit
 .text.MX_TIM2_Init
                0x0800364c       0x68 Src\tim.o
                0x0800364c                MX_TIM2_Init
 .text.HAL_TIM_Base_MspInit
                0x080036b4       0x5c Src\tim.o
                0x080036b4                HAL_TIM_Base_MspInit
 .text.HAL_TIM_MspPostInit
                0x08003710       0x60 Src\tim.o
                0x08003710                HAL_TIM_MspPostInit
 .text.MX_TIM3_Init
                0x08003770       0xb4 Src\tim.o
                0x08003770                MX_TIM3_Init
 .text.MX_USART1_UART_Init
                0x08003824       0x38 Src\usart.o
                0x08003824                MX_USART1_UART_Init
 .text.MX_USART3_UART_Init
                0x0800385c       0x38 Src\usart.o
                0x0800385c                MX_USART3_UART_Init
 .text.HAL_UART_MspInit
                0x08003894      0x10c Src\usart.o
                0x08003894                HAL_UART_MspInit
 .text.Reset_Handler
                0x080039a0       0x48 startup\startup_stm32f103xb.o
                0x080039a0                Reset_Handler
 .text.Default_Handler
                0x080039e8        0x2 startup\startup_stm32f103xb.o
                0x080039e8                RTC_Alarm_IRQHandler
                0x080039e8                EXTI2_IRQHandler
                0x080039e8                TIM1_CC_IRQHandler
                0x080039e8                PVD_IRQHandler
                0x080039e8                EXTI3_IRQHandler
                0x080039e8                EXTI0_IRQHandler
                0x080039e8                I2C2_EV_IRQHandler
                0x080039e8                ADC1_2_IRQHandler
                0x080039e8                SPI1_IRQHandler
                0x080039e8                TAMPER_IRQHandler
                0x080039e8                DMA1_Channel4_IRQHandler
                0x080039e8                RTC_IRQHandler
                0x080039e8                DMA1_Channel7_IRQHandler
                0x080039e8                CAN1_RX1_IRQHandler
                0x080039e8                TIM4_IRQHandler
                0x080039e8                I2C1_EV_IRQHandler
                0x080039e8                DMA1_Channel6_IRQHandler
                0x080039e8                TIM3_IRQHandler
                0x080039e8                RCC_IRQHandler
                0x080039e8                TIM1_TRG_COM_IRQHandler
                0x080039e8                DMA1_Channel1_IRQHandler
                0x080039e8                Default_Handler
                0x080039e8                EXTI15_10_IRQHandler
                0x080039e8                EXTI9_5_IRQHandler
                0x080039e8                SPI2_IRQHandler
                0x080039e8                DMA1_Channel5_IRQHandler
                0x080039e8                EXTI4_IRQHandler
                0x080039e8                USB_LP_CAN1_RX0_IRQHandler
                0x080039e8                USB_HP_CAN1_TX_IRQHandler
                0x080039e8                DMA1_Channel3_IRQHandler
                0x080039e8                TIM1_UP_IRQHandler
                0x080039e8                WWDG_IRQHandler
                0x080039e8                TIM1_BRK_IRQHandler
                0x080039e8                EXTI1_IRQHandler
                0x080039e8                USART2_IRQHandler
                0x080039e8                I2C2_ER_IRQHandler
                0x080039e8                DMA1_Channel2_IRQHandler
                0x080039e8                CAN1_SCE_IRQHandler
                0x080039e8                FLASH_IRQHandler
                0x080039e8                I2C1_ER_IRQHandler
                0x080039e8                USBWakeUp_IRQHandler
 *fill*         0x080039ea        0x2 
 .text.__libc_init_array
                0x080039ec       0x48 c:/program files (x86)/atollic/truestudio for stm32 9.2.0/armtools/bin/../lib/gcc/arm-atollic-eabi/6.3.1/../../../../arm-atollic-eabi/lib/armv7-m\libc.a(lib_a-init.o)
                0x080039ec                __libc_init_array
 .text.memset   0x08003a34       0x10 c:/program files (x86)/atollic/truestudio for stm32 9.2.0/armtools/bin/../lib/gcc/arm-atollic-eabi/6.3.1/../../../../arm-atollic-eabi/lib/armv7-m\libc.a(lib_a-memset.o)
                0x08003a34                memset
 .text.atan2    0x08003a44        0x4 c:/program files (x86)/atollic/truestudio for stm32 9.2.0/armtools/bin/../lib/gcc/arm-atollic-eabi/6.3.1/../../../../arm-atollic-eabi/lib/armv7-m\libm.a(lib_a-w_atan2.o)
                0x08003a44                atan2
 .text.__ieee754_atan2
                0x08003a48      0x1b4 c:/program files (x86)/atollic/truestudio for stm32 9.2.0/armtools/bin/../lib/gcc/arm-atollic-eabi/6.3.1/../../../../arm-atollic-eabi/lib/armv7-m\libm.a(lib_a-e_atan2.o)
                0x08003a48                __ieee754_atan2
 *fill*         0x08003bfc        0x4 
 .text.atan     0x08003c00      0x324 c:/program files (x86)/atollic/truestudio for stm32 9.2.0/armtools/bin/../lib/gcc/arm-atollic-eabi/6.3.1/../../../../arm-atollic-eabi/lib/armv7-m\libm.a(lib_a-s_atan.o)
                0x08003c00                atan
 .text.fabs     0x08003f24        0x6 c:/program files (x86)/atollic/truestudio for stm32 9.2.0/armtools/bin/../lib/gcc/arm-atollic-eabi/6.3.1/../../../../arm-atollic-eabi/lib/armv7-m\libm.a(lib_a-s_fabs.o)
                0x08003f24                fabs
 *(.glue_7)
 .glue_7        0x08003f2a        0x0 linker stubs
 *(.glue_7t)
 .glue_7t       0x08003f2a        0x0 linker stubs
 *(.eh_frame)
 *fill*         0x08003f2a        0x2 
 .eh_frame      0x08003f2c        0x0 c:/program files (x86)/atollic/truestudio for stm32 9.2.0/armtools/bin/../lib/gcc/arm-atollic-eabi/6.3.1/armv7-m/crtbegin.o
 *(.init)
 .init          0x08003f2c        0x4 c:/program files (x86)/atollic/truestudio for stm32 9.2.0/armtools/bin/../lib/gcc/arm-atollic-eabi/6.3.1/armv7-m/crti.o
                0x08003f2c                _init
 .init          0x08003f30        0x8 c:/program files (x86)/atollic/truestudio for stm32 9.2.0/armtools/bin/../lib/gcc/arm-atollic-eabi/6.3.1/armv7-m/crtn.o
 *(.fini)
 .fini          0x08003f38        0x4 c:/program files (x86)/atollic/truestudio for stm32 9.2.0/armtools/bin/../lib/gcc/arm-atollic-eabi/6.3.1/armv7-m/crti.o
                0x08003f38                _fini
 .fini          0x08003f3c        0x8 c:/program files (x86)/atollic/truestudio for stm32 9.2.0/armtools/bin/../lib/gcc/arm-atollic-eabi/6.3.1/armv7-m/crtn.o
                0x08003f44                . = ALIGN (0x4)
                0x08003f44                _etext = .

.vfp11_veneer   0x08003f44        0x0
 .vfp11_veneer  0x08003f44        0x0 linker stubs

.v4_bx          0x08003f44        0x0
 .v4_bx         0x08003f44        0x0 linker stubs

.iplt           0x08003f44        0x0
 .iplt          0x08003f44        0x0 c:/program files (x86)/atollic/truestudio for stm32 9.2.0/armtools/bin/../lib/gcc/arm-atollic-eabi/6.3.1/armv7-m/crtbegin.o

.rodata         0x08003f48       0x68
                0x08003f48                . = ALIGN (0x4)
 *(.rodata)
 .rodata        0x08003f48       0x10 Drivers\STM32F1xx_HAL_Driver\Src\stm32f1xx_hal_rcc.o
 *(.rodata*)
 .rodata.AHBPrescTable
                0x08003f58       0x10 Src\system_stm32f1xx.o
                0x08003f58                AHBPrescTable
 .rodata.APBPrescTable
                0x08003f68        0x8 Src\system_stm32f1xx.o
                0x08003f68                APBPrescTable
 .rodata.atanhi
                0x08003f70       0x20 c:/program files (x86)/atollic/truestudio for stm32 9.2.0/armtools/bin/../lib/gcc/arm-atollic-eabi/6.3.1/../../../../arm-atollic-eabi/lib/armv7-m\libm.a(lib_a-s_atan.o)
 .rodata.atanlo
                0x08003f90       0x20 c:/program files (x86)/atollic/truestudio for stm32 9.2.0/armtools/bin/../lib/gcc/arm-atollic-eabi/6.3.1/../../../../arm-atollic-eabi/lib/armv7-m\libm.a(lib_a-s_atan.o)
                0x08003fb0                . = ALIGN (0x4)

.rel.dyn        0x08003fb0        0x0
 .rel.iplt      0x08003fb0        0x0 c:/program files (x86)/atollic/truestudio for stm32 9.2.0/armtools/bin/../lib/gcc/arm-atollic-eabi/6.3.1/armv7-m/crtbegin.o

.ARM.extab
 *(.ARM.extab* .gnu.linkonce.armextab.*)

.ARM            0x08003fb0        0x0
                0x08003fb0                __exidx_start = .
 *(.ARM.exidx*)
                0x08003fb0                __exidx_end = .

.preinit_array  0x08003fb0        0x0
                0x08003fb0                PROVIDE (__preinit_array_start, .)
 *(.preinit_array*)
                0x08003fb0                PROVIDE (__preinit_array_end, .)

.init_array     0x08003fb0        0x4
                0x08003fb0                PROVIDE (__init_array_start, .)
 *(SORT(.init_array.*))
 *(.init_array*)
 .init_array    0x08003fb0        0x4 c:/program files (x86)/atollic/truestudio for stm32 9.2.0/armtools/bin/../lib/gcc/arm-atollic-eabi/6.3.1/armv7-m/crtbegin.o
                0x08003fb4                PROVIDE (__init_array_end, .)

.fini_array     0x08003fb4        0x4
                [!provide]                PROVIDE (__fini_array_start, .)
 *(SORT(.fini_array.*))
 *(.fini_array*)
 .fini_array    0x08003fb4        0x4 c:/program files (x86)/atollic/truestudio for stm32 9.2.0/armtools/bin/../lib/gcc/arm-atollic-eabi/6.3.1/armv7-m/crtbegin.o
                [!provide]                PROVIDE (__fini_array_end, .)
                0x08003fb8                _sidata = LOADADDR (.data)

.data           0x20000000       0x20 load address 0x08003fb8
                0x20000000                . = ALIGN (0x4)
                0x20000000                _sdata = .
 *(.data)
 *(.data*)
 .data.uwTickFreq
                0x20000000        0x1 Drivers\STM32F1xx_HAL_Driver\Src\stm32f1xx_hal.o
                0x20000000                uwTickFreq
 *fill*         0x20000001        0x3 
 .data.uwTickPrio
                0x20000004        0x4 Drivers\STM32F1xx_HAL_Driver\Src\stm32f1xx_hal.o
                0x20000004                uwTickPrio
 .data.D_constant
                0x20000008        0x4 Src\main.o
                0x20000008                D_constant
 .data.I_constant
                0x2000000c        0x4 Src\main.o
                0x2000000c                I_constant
 .data.K        0x20000010        0x4 Src\main.o
                0x20000010                K
 .data.P_constant
                0x20000014        0x4 Src\main.o
                0x20000014                P_constant
 .data.time_diff
                0x20000018        0x4 Src\main.o
                0x20000018                time_diff
 .data.SystemCoreClock
                0x2000001c        0x4 Src\system_stm32f1xx.o
                0x2000001c                SystemCoreClock
                0x20000020                . = ALIGN (0x4)
                0x20000020                _edata = .

.igot.plt       0x20000020        0x0 load address 0x08003fd8
 .igot.plt      0x20000020        0x0 c:/program files (x86)/atollic/truestudio for stm32 9.2.0/armtools/bin/../lib/gcc/arm-atollic-eabi/6.3.1/armv7-m/crtbegin.o
                0x20000020                . = ALIGN (0x4)

.bss            0x20000020      0x370 load address 0x08003fd8
                0x20000020                _sbss = .
                0x20000020                __bss_start__ = _sbss
 *(.bss)
 .bss           0x20000020       0x1c c:/program files (x86)/atollic/truestudio for stm32 9.2.0/armtools/bin/../lib/gcc/arm-atollic-eabi/6.3.1/armv7-m/crtbegin.o
 *(.bss*)
 .bss.CFangleX1
                0x2000003c        0x4 Src\main.o
                0x2000003c                CFangleX1
 .bss.PIDspeed  0x20000040        0x4 Src\main.o
                0x20000040                PIDspeed
 .bss.TURN_flag
                0x20000044        0x4 Src\main.o
                0x20000044                TURN_flag
 .bss.accAngX1  0x20000048        0x4 Src\main.o
                0x20000048                accAngX1
 .bss.gyroAngleX
                0x2000004c        0x4 Src\main.o
                0x2000004c                gyroAngleX
 .bss.gyroAngleY
                0x20000050        0x4 Src\main.o
                0x20000050                gyroAngleY
 .bss.gyroAngleZ
                0x20000054        0x4 Src\main.o
                0x20000054                gyroAngleZ
 .bss.move_setpoint
                0x20000058        0x4 Src\main.o
                0x20000058                move_setpoint
 .bss.rate_accX
                0x2000005c        0x4 Src\main.o
                0x2000005c                rate_accX
 .bss.rate_accY
                0x20000060        0x4 Src\main.o
                0x20000060                rate_accY
 .bss.rate_accZ
                0x20000064        0x4 Src\main.o
                0x20000064                rate_accZ
 .bss.rate_gyroX
                0x20000068        0x4 Src\main.o
                0x20000068                rate_gyroX
 .bss.rate_gyroY
                0x2000006c        0x4 Src\main.o
                0x2000006c                rate_gyroY
 .bss.rate_gyroZ
                0x20000070        0x4 Src\main.o
                0x20000070                rate_gyroZ
 *(COMMON)
 COMMON         0x20000074        0x4 Drivers\STM32F1xx_HAL_Driver\Src\stm32f1xx_hal.o
                0x20000074                uwTick
 COMMON         0x20000078       0x54 Src\i2c.o
                0x20000078                hi2c2
 COMMON         0x200000cc      0x1c4 Src\main.o
                0x200000cc                std
                0x20000194                gy
                0x20000196                az
                0x20000198                uart1_rx
                0x200001fc                ax
                0x200001fe                tmpr
                0x20000200                uart3_rx
                0x20000264                gz
                0x20000268                first
                0x2000028c                gx
                0x2000028e                ay
 COMMON         0x20000290       0x80 Src\tim.o
                0x20000290                htim3
                0x200002d0                htim2
 COMMON         0x20000310       0x80 Src\usart.o
                0x20000310                huart3
                0x20000350                huart1
                0x20000390                . = ALIGN (0x4)
                0x20000390                _ebss = .
                0x20000390                __bss_end__ = _ebss

._user_heap_stack
                0x20000390      0x600 load address 0x08003fd8
                0x20000390                . = ALIGN (0x4)
                0x20000390                PROVIDE (end, .)
                [!provide]                PROVIDE (_end, .)
                0x20000590                . = (. + _Min_Heap_Size)
 *fill*         0x20000390      0x200 
                0x20000990                . = (. + _Min_Stack_Size)
 *fill*         0x20000590      0x400 
                0x20000990                . = ALIGN (0x4)

/DISCARD/
 libc.a(*)
 libm.a(*)
 libgcc.a(*)

.ARM.attributes
                0x00000000       0x29
 *(.ARM.attributes)
 .ARM.attributes
                0x00000000       0x1d c:/program files (x86)/atollic/truestudio for stm32 9.2.0/armtools/bin/../lib/gcc/arm-atollic-eabi/6.3.1/armv7-m/crti.o
 .ARM.attributes
                0x0000001d       0x2d c:/program files (x86)/atollic/truestudio for stm32 9.2.0/armtools/bin/../lib/gcc/arm-atollic-eabi/6.3.1/armv7-m/crtbegin.o
 .ARM.attributes
                0x0000004a       0x33 Drivers\STM32F1xx_HAL_Driver\Src\stm32f1xx_hal.o
 .ARM.attributes
                0x0000007d       0x33 Drivers\STM32F1xx_HAL_Driver\Src\stm32f1xx_hal_cortex.o
 .ARM.attributes
                0x000000b0       0x33 Drivers\STM32F1xx_HAL_Driver\Src\stm32f1xx_hal_dma.o
 .ARM.attributes
                0x000000e3       0x33 Drivers\STM32F1xx_HAL_Driver\Src\stm32f1xx_hal_gpio.o
 .ARM.attributes
                0x00000116       0x33 Drivers\STM32F1xx_HAL_Driver\Src\stm32f1xx_hal_i2c.o
 .ARM.attributes
                0x00000149       0x33 Drivers\STM32F1xx_HAL_Driver\Src\stm32f1xx_hal_rcc.o
 .ARM.attributes
                0x0000017c       0x33 Drivers\STM32F1xx_HAL_Driver\Src\stm32f1xx_hal_tim.o
 .ARM.attributes
                0x000001af       0x33 Drivers\STM32F1xx_HAL_Driver\Src\stm32f1xx_hal_tim_ex.o
 .ARM.attributes
                0x000001e2       0x33 Drivers\STM32F1xx_HAL_Driver\Src\stm32f1xx_hal_uart.o
 .ARM.attributes
                0x00000215       0x33 Src\MPU6050.o
 .ARM.attributes
                0x00000248       0x33 Src\gpio.o
 .ARM.attributes
                0x0000027b       0x33 Src\i2c.o
 .ARM.attributes
                0x000002ae       0x33 Src\main.o
 .ARM.attributes
                0x000002e1       0x33 Src\stm32f1xx_hal_msp.o
 .ARM.attributes
                0x00000314       0x33 Src\stm32f1xx_it.o
 .ARM.attributes
                0x00000347       0x33 Src\system_stm32f1xx.o
 .ARM.attributes
                0x0000037a       0x33 Src\tim.o
 .ARM.attributes
                0x000003ad       0x33 Src\usart.o
 .ARM.attributes
                0x000003e0       0x21 startup\startup_stm32f103xb.o
 .ARM.attributes
                0x00000401       0x2d c:/program files (x86)/atollic/truestudio for stm32 9.2.0/armtools/bin/../lib/gcc/arm-atollic-eabi/6.3.1/../../../../arm-atollic-eabi/lib/armv7-m\libc.a(lib_a-init.o)
 .ARM.attributes
                0x0000042e       0x2d c:/program files (x86)/atollic/truestudio for stm32 9.2.0/armtools/bin/../lib/gcc/arm-atollic-eabi/6.3.1/../../../../arm-atollic-eabi/lib/armv7-m\libc.a(lib_a-memset.o)
 .ARM.attributes
                0x0000045b       0x2d c:/program files (x86)/atollic/truestudio for stm32 9.2.0/armtools/bin/../lib/gcc/arm-atollic-eabi/6.3.1/../../../../arm-atollic-eabi/lib/armv7-m\libm.a(lib_a-w_atan2.o)
 .ARM.attributes
                0x00000488       0x2d c:/program files (x86)/atollic/truestudio for stm32 9.2.0/armtools/bin/../lib/gcc/arm-atollic-eabi/6.3.1/../../../../arm-atollic-eabi/lib/armv7-m\libm.a(lib_a-e_atan2.o)
 .ARM.attributes
                0x000004b5       0x2d c:/program files (x86)/atollic/truestudio for stm32 9.2.0/armtools/bin/../lib/gcc/arm-atollic-eabi/6.3.1/../../../../arm-atollic-eabi/lib/armv7-m\libm.a(lib_a-s_atan.o)
 .ARM.attributes
                0x000004e2       0x2d c:/program files (x86)/atollic/truestudio for stm32 9.2.0/armtools/bin/../lib/gcc/arm-atollic-eabi/6.3.1/../../../../arm-atollic-eabi/lib/armv7-m\libm.a(lib_a-s_fabs.o)
 .ARM.attributes
                0x0000050f       0x1d c:/program files (x86)/atollic/truestudio for stm32 9.2.0/armtools/bin/../lib/gcc/arm-atollic-eabi/6.3.1/armv7-m\libgcc.a(_arm_addsubdf3.o)
 .ARM.attributes
                0x0000052c       0x1d c:/program files (x86)/atollic/truestudio for stm32 9.2.0/armtools/bin/../lib/gcc/arm-atollic-eabi/6.3.1/armv7-m\libgcc.a(_arm_muldivdf3.o)
 .ARM.attributes
                0x00000549       0x1d c:/program files (x86)/atollic/truestudio for stm32 9.2.0/armtools/bin/../lib/gcc/arm-atollic-eabi/6.3.1/armv7-m\libgcc.a(_arm_cmpdf2.o)
 .ARM.attributes
                0x00000566       0x1d c:/program files (x86)/atollic/truestudio for stm32 9.2.0/armtools/bin/../lib/gcc/arm-atollic-eabi/6.3.1/armv7-m\libgcc.a(_arm_fixunsdfsi.o)
 .ARM.attributes
                0x00000583       0x1d c:/program files (x86)/atollic/truestudio for stm32 9.2.0/armtools/bin/../lib/gcc/arm-atollic-eabi/6.3.1/armv7-m\libgcc.a(_arm_truncdfsf2.o)
 .ARM.attributes
                0x000005a0       0x1d c:/program files (x86)/atollic/truestudio for stm32 9.2.0/armtools/bin/../lib/gcc/arm-atollic-eabi/6.3.1/armv7-m\libgcc.a(_arm_addsubsf3.o)
 .ARM.attributes
                0x000005bd       0x1d c:/program files (x86)/atollic/truestudio for stm32 9.2.0/armtools/bin/../lib/gcc/arm-atollic-eabi/6.3.1/armv7-m\libgcc.a(_arm_muldivsf3.o)
 .ARM.attributes
                0x000005da       0x1d c:/program files (x86)/atollic/truestudio for stm32 9.2.0/armtools/bin/../lib/gcc/arm-atollic-eabi/6.3.1/armv7-m\libgcc.a(_arm_cmpsf2.o)
 .ARM.attributes
                0x000005f7       0x1d c:/program files (x86)/atollic/truestudio for stm32 9.2.0/armtools/bin/../lib/gcc/arm-atollic-eabi/6.3.1/armv7-m\libgcc.a(_arm_fixsfsi.o)
 .ARM.attributes
                0x00000614       0x1d c:/program files (x86)/atollic/truestudio for stm32 9.2.0/armtools/bin/../lib/gcc/arm-atollic-eabi/6.3.1/armv7-m/crtn.o
OUTPUT(Balancing_Robot.elf elf32-littlearm)

.debug_info     0x00000000    0x1a70e
 .debug_info    0x00000000      0xfe1 Drivers\STM32F1xx_HAL_Driver\Src\stm32f1xx_hal.o
 .debug_info    0x00000fe1     0x14c2 Drivers\STM32F1xx_HAL_Driver\Src\stm32f1xx_hal_cortex.o
 .debug_info    0x000024a3     0x1060 Drivers\STM32F1xx_HAL_Driver\Src\stm32f1xx_hal_dma.o
 .debug_info    0x00003503      0xedb Drivers\STM32F1xx_HAL_Driver\Src\stm32f1xx_hal_gpio.o
 .debug_info    0x000043de     0x3903 Drivers\STM32F1xx_HAL_Driver\Src\stm32f1xx_hal_i2c.o
 .debug_info    0x00007ce1     0x1256 Drivers\STM32F1xx_HAL_Driver\Src\stm32f1xx_hal_rcc.o
 .debug_info    0x00008f37     0x3bd2 Drivers\STM32F1xx_HAL_Driver\Src\stm32f1xx_hal_tim.o
 .debug_info    0x0000cb09     0x19a2 Drivers\STM32F1xx_HAL_Driver\Src\stm32f1xx_hal_tim_ex.o
 .debug_info    0x0000e4ab     0x1e5f Drivers\STM32F1xx_HAL_Driver\Src\stm32f1xx_hal_uart.o
 .debug_info    0x0001030a     0x16db Src\MPU6050.o
 .debug_info    0x000119e5      0xc40 Src\gpio.o
 .debug_info    0x00012625     0x110b Src\i2c.o
 .debug_info    0x00013730     0x1c94 Src\main.o
 .debug_info    0x000153c4      0xb16 Src\stm32f1xx_hal_msp.o
 .debug_info    0x00015eda     0x1142 Src\stm32f1xx_it.o
 .debug_info    0x0001701c      0xc66 Src\system_stm32f1xx.o
 .debug_info    0x00017c82     0x1656 Src\tim.o
 .debug_info    0x000192d8     0x13a7 Src\usart.o
 .debug_info    0x0001a67f       0x8f startup\startup_stm32f103xb.o

.debug_abbrev   0x00000000     0x327b
 .debug_abbrev  0x00000000      0x315 Drivers\STM32F1xx_HAL_Driver\Src\stm32f1xx_hal.o
 .debug_abbrev  0x00000315      0x399 Drivers\STM32F1xx_HAL_Driver\Src\stm32f1xx_hal_cortex.o
 .debug_abbrev  0x000006ae      0x29e Drivers\STM32F1xx_HAL_Driver\Src\stm32f1xx_hal_dma.o
 .debug_abbrev  0x0000094c      0x268 Drivers\STM32F1xx_HAL_Driver\Src\stm32f1xx_hal_gpio.o
 .debug_abbrev  0x00000bb4      0x3c1 Drivers\STM32F1xx_HAL_Driver\Src\stm32f1xx_hal_i2c.o
 .debug_abbrev  0x00000f75      0x367 Drivers\STM32F1xx_HAL_Driver\Src\stm32f1xx_hal_rcc.o
 .debug_abbrev  0x000012dc      0x3bb Drivers\STM32F1xx_HAL_Driver\Src\stm32f1xx_hal_tim.o
 .debug_abbrev  0x00001697      0x30d Drivers\STM32F1xx_HAL_Driver\Src\stm32f1xx_hal_tim_ex.o
 .debug_abbrev  0x000019a4      0x364 Drivers\STM32F1xx_HAL_Driver\Src\stm32f1xx_hal_uart.o
 .debug_abbrev  0x00001d08      0x285 Src\MPU6050.o
 .debug_abbrev  0x00001f8d      0x1f9 Src\gpio.o
 .debug_abbrev  0x00002186      0x24d Src\i2c.o
 .debug_abbrev  0x000023d3      0x3e4 Src\main.o
 .debug_abbrev  0x000027b7      0x1ea Src\stm32f1xx_hal_msp.o
 .debug_abbrev  0x000029a1      0x215 Src\stm32f1xx_it.o
 .debug_abbrev  0x00002bb6      0x1eb Src\system_stm32f1xx.o
 .debug_abbrev  0x00002da1      0x271 Src\tim.o
 .debug_abbrev  0x00003012      0x257 Src\usart.o
 .debug_abbrev  0x00003269       0x12 startup\startup_stm32f103xb.o

.debug_loc      0x00000000     0x9850
 .debug_loc     0x00000000      0x11b Drivers\STM32F1xx_HAL_Driver\Src\stm32f1xx_hal.o
 .debug_loc     0x0000011b      0x46b Drivers\STM32F1xx_HAL_Driver\Src\stm32f1xx_hal_cortex.o
 .debug_loc     0x00000586      0x5d1 Drivers\STM32F1xx_HAL_Driver\Src\stm32f1xx_hal_dma.o
 .debug_loc     0x00000b57      0x36a Drivers\STM32F1xx_HAL_Driver\Src\stm32f1xx_hal_gpio.o
 .debug_loc     0x00000ec1     0x2bdf Drivers\STM32F1xx_HAL_Driver\Src\stm32f1xx_hal_i2c.o
 .debug_loc     0x00003aa0      0x4fd Drivers\STM32F1xx_HAL_Driver\Src\stm32f1xx_hal_rcc.o
 .debug_loc     0x00003f9d     0x300c Drivers\STM32F1xx_HAL_Driver\Src\stm32f1xx_hal_tim.o
 .debug_loc     0x00006fa9      0x822 Drivers\STM32F1xx_HAL_Driver\Src\stm32f1xx_hal_tim_ex.o
 .debug_loc     0x000077cb     0x1311 Drivers\STM32F1xx_HAL_Driver\Src\stm32f1xx_hal_uart.o
 .debug_loc     0x00008adc      0x860 Src\MPU6050.o
 .debug_loc     0x0000933c       0x58 Src\i2c.o
 .debug_loc     0x00009394      0x27d Src\main.o
 .debug_loc     0x00009611       0xd8 Src\system_stm32f1xx.o
 .debug_loc     0x000096e9       0xae Src\tim.o
 .debug_loc     0x00009797       0xb9 Src\usart.o

.debug_aranges  0x00000000      0xb98
 .debug_aranges
                0x00000000       0xc8 Drivers\STM32F1xx_HAL_Driver\Src\stm32f1xx_hal.o
 .debug_aranges
                0x000000c8       0x90 Drivers\STM32F1xx_HAL_Driver\Src\stm32f1xx_hal_cortex.o
 .debug_aranges
                0x00000158       0x78 Drivers\STM32F1xx_HAL_Driver\Src\stm32f1xx_hal_dma.o
 .debug_aranges
                0x000001d0       0x58 Drivers\STM32F1xx_HAL_Driver\Src\stm32f1xx_hal_gpio.o
 .debug_aranges
                0x00000228      0x190 Drivers\STM32F1xx_HAL_Driver\Src\stm32f1xx_hal_i2c.o
 .debug_aranges
                0x000003b8       0x88 Drivers\STM32F1xx_HAL_Driver\Src\stm32f1xx_hal_rcc.o
 .debug_aranges
                0x00000440      0x250 Drivers\STM32F1xx_HAL_Driver\Src\stm32f1xx_hal_tim.o
 .debug_aranges
                0x00000690       0xe8 Drivers\STM32F1xx_HAL_Driver\Src\stm32f1xx_hal_tim_ex.o
 .debug_aranges
                0x00000778      0x170 Drivers\STM32F1xx_HAL_Driver\Src\stm32f1xx_hal_uart.o
 .debug_aranges
                0x000008e8       0xa0 Src\MPU6050.o
 .debug_aranges
                0x00000988       0x20 Src\gpio.o
 .debug_aranges
                0x000009a8       0x30 Src\i2c.o
 .debug_aranges
                0x000009d8       0x78 Src\main.o
 .debug_aranges
                0x00000a50       0x20 Src\stm32f1xx_hal_msp.o
 .debug_aranges
                0x00000a70       0x60 Src\stm32f1xx_it.o
 .debug_aranges
                0x00000ad0       0x28 Src\system_stm32f1xx.o
 .debug_aranges
                0x00000af8       0x40 Src\tim.o
 .debug_aranges
                0x00000b38       0x38 Src\usart.o
 .debug_aranges
                0x00000b70       0x28 startup\startup_stm32f103xb.o

.debug_ranges   0x00000000     0x1158
 .debug_ranges  0x00000000       0xb8 Drivers\STM32F1xx_HAL_Driver\Src\stm32f1xx_hal.o
 .debug_ranges  0x000000b8      0x128 Drivers\STM32F1xx_HAL_Driver\Src\stm32f1xx_hal_cortex.o
 .debug_ranges  0x000001e0       0xa8 Drivers\STM32F1xx_HAL_Driver\Src\stm32f1xx_hal_dma.o
 .debug_ranges  0x00000288       0x60 Drivers\STM32F1xx_HAL_Driver\Src\stm32f1xx_hal_gpio.o
 .debug_ranges  0x000002e8      0x438 Drivers\STM32F1xx_HAL_Driver\Src\stm32f1xx_hal_i2c.o
 .debug_ranges  0x00000720       0xa0 Drivers\STM32F1xx_HAL_Driver\Src\stm32f1xx_hal_rcc.o
 .debug_ranges  0x000007c0      0x340 Drivers\STM32F1xx_HAL_Driver\Src\stm32f1xx_hal_tim.o
 .debug_ranges  0x00000b00       0xd8 Drivers\STM32F1xx_HAL_Driver\Src\stm32f1xx_hal_tim_ex.o
 .debug_ranges  0x00000bd8      0x190 Drivers\STM32F1xx_HAL_Driver\Src\stm32f1xx_hal_uart.o
 .debug_ranges  0x00000d68       0x90 Src\MPU6050.o
 .debug_ranges  0x00000df8       0x90 Src\gpio.o
 .debug_ranges  0x00000e88       0x40 Src\i2c.o
 .debug_ranges  0x00000ec8       0x90 Src\main.o
 .debug_ranges  0x00000f58       0x30 Src\stm32f1xx_hal_msp.o
 .debug_ranges  0x00000f88       0x50 Src\stm32f1xx_it.o
 .debug_ranges  0x00000fd8       0x18 Src\system_stm32f1xx.o
 .debug_ranges  0x00000ff0       0x78 Src\tim.o
 .debug_ranges  0x00001068       0xd0 Src\usart.o
 .debug_ranges  0x00001138       0x20 startup\startup_stm32f103xb.o

.debug_line     0x00000000     0x79fe
 .debug_line    0x00000000      0x45f Drivers\STM32F1xx_HAL_Driver\Src\stm32f1xx_hal.o
 .debug_line    0x0000045f      0x469 Drivers\STM32F1xx_HAL_Driver\Src\stm32f1xx_hal_cortex.o
 .debug_line    0x000008c8      0x68f Drivers\STM32F1xx_HAL_Driver\Src\stm32f1xx_hal_dma.o
 .debug_line    0x00000f57      0x45e Drivers\STM32F1xx_HAL_Driver\Src\stm32f1xx_hal_gpio.o
 .debug_line    0x000013b5     0x1a8b Drivers\STM32F1xx_HAL_Driver\Src\stm32f1xx_hal_i2c.o
 .debug_line    0x00002e40      0x638 Drivers\STM32F1xx_HAL_Driver\Src\stm32f1xx_hal_rcc.o
 .debug_line    0x00003478     0x115f Drivers\STM32F1xx_HAL_Driver\Src\stm32f1xx_hal_tim.o
 .debug_line    0x000045d7      0x701 Drivers\STM32F1xx_HAL_Driver\Src\stm32f1xx_hal_tim_ex.o
 .debug_line    0x00004cd8      0xc45 Drivers\STM32F1xx_HAL_Driver\Src\stm32f1xx_hal_uart.o
 .debug_line    0x0000591d      0x4b2 Src\MPU6050.o
 .debug_line    0x00005dcf      0x2bf Src\gpio.o
 .debug_line    0x0000608e      0x32b Src\i2c.o
 .debug_line    0x000063b9      0x59b Src\main.o
 .debug_line    0x00006954      0x29c Src\stm32f1xx_hal_msp.o
 .debug_line    0x00006bf0      0x355 Src\stm32f1xx_it.o
 .debug_line    0x00006f45      0x2bf Src\system_stm32f1xx.o
 .debug_line    0x00007204      0x3c2 Src\tim.o
 .debug_line    0x000075c6      0x3bb Src\usart.o
 .debug_line    0x00007981       0x7d startup\startup_stm32f103xb.o

.debug_str      0x00000000     0x43a5
 .debug_str     0x00000000      0xbdd Drivers\STM32F1xx_HAL_Driver\Src\stm32f1xx_hal.o
                                0xc7c (size before relaxing)
 .debug_str     0x00000bdd      0x2e1 Drivers\STM32F1xx_HAL_Driver\Src\stm32f1xx_hal_cortex.o
                                0xda4 (size before relaxing)
 .debug_str     0x00000ebe      0x3e6 Drivers\STM32F1xx_HAL_Driver\Src\stm32f1xx_hal_dma.o
                                0xb08 (size before relaxing)
 .debug_str     0x000012a4      0x1cb Drivers\STM32F1xx_HAL_Driver\Src\stm32f1xx_hal_gpio.o
                                0x911 (size before relaxing)
 .debug_str     0x0000146f      0xa70 Drivers\STM32F1xx_HAL_Driver\Src\stm32f1xx_hal_i2c.o
                               0x13a7 (size before relaxing)
 .debug_str     0x00001edf      0x306 Drivers\STM32F1xx_HAL_Driver\Src\stm32f1xx_hal_rcc.o
                                0xaef (size before relaxing)
 .debug_str     0x000021e5      0xf0d Drivers\STM32F1xx_HAL_Driver\Src\stm32f1xx_hal_tim.o
                               0x1840 (size before relaxing)
 .debug_str     0x000030f2      0x4f1 Drivers\STM32F1xx_HAL_Driver\Src\stm32f1xx_hal_tim_ex.o
                               0x10e2 (size before relaxing)
 .debug_str     0x000035e3      0x6b9 Drivers\STM32F1xx_HAL_Driver\Src\stm32f1xx_hal_uart.o
                               0x1059 (size before relaxing)
 .debug_str     0x00003c9c      0x256 Src\MPU6050.o
                                0xdab (size before relaxing)
 .debug_str     0x00003ef2       0x2b Src\gpio.o
                                0x78a (size before relaxing)
 .debug_str     0x00003f1d       0x32 Src\i2c.o
                                0xc2f (size before relaxing)
 .debug_str     0x00003f4f      0x2b6 Src\main.o
                               0x1381 (size before relaxing)
 .debug_str     0x00004205       0x1b Src\stm32f1xx_hal_msp.o
                                0x742 (size before relaxing)
 .debug_str     0x00004220       0xda Src\stm32f1xx_it.o
                                0xd0c (size before relaxing)
 .debug_str     0x000042fa       0x4d Src\system_stm32f1xx.o
                                0x77a (size before relaxing)
 .debug_str     0x00004347       0x44 Src\tim.o
                               0x1078 (size before relaxing)
 .debug_str     0x0000438b       0x1a Src\usart.o
                                0xeb3 (size before relaxing)

.comment        0x00000000       0x7c
 .comment       0x00000000       0x7c Drivers\STM32F1xx_HAL_Driver\Src\stm32f1xx_hal.o
                                 0x7d (size before relaxing)
 .comment       0x0000007c       0x7d Drivers\STM32F1xx_HAL_Driver\Src\stm32f1xx_hal_cortex.o
 .comment       0x0000007c       0x7d Drivers\STM32F1xx_HAL_Driver\Src\stm32f1xx_hal_dma.o
 .comment       0x0000007c       0x7d Drivers\STM32F1xx_HAL_Driver\Src\stm32f1xx_hal_gpio.o
 .comment       0x0000007c       0x7d Drivers\STM32F1xx_HAL_Driver\Src\stm32f1xx_hal_i2c.o
 .comment       0x0000007c       0x7d Drivers\STM32F1xx_HAL_Driver\Src\stm32f1xx_hal_rcc.o
 .comment       0x0000007c       0x7d Drivers\STM32F1xx_HAL_Driver\Src\stm32f1xx_hal_tim.o
 .comment       0x0000007c       0x7d Drivers\STM32F1xx_HAL_Driver\Src\stm32f1xx_hal_tim_ex.o
 .comment       0x0000007c       0x7d Drivers\STM32F1xx_HAL_Driver\Src\stm32f1xx_hal_uart.o
 .comment       0x0000007c       0x7d Src\MPU6050.o
 .comment       0x0000007c       0x7d Src\gpio.o
 .comment       0x0000007c       0x7d Src\i2c.o
 .comment       0x0000007c       0x7d Src\main.o
 .comment       0x0000007c       0x7d Src\stm32f1xx_hal_msp.o
 .comment       0x0000007c       0x7d Src\stm32f1xx_it.o
 .comment       0x0000007c       0x7d Src\system_stm32f1xx.o
 .comment       0x0000007c       0x7d Src\tim.o
 .comment       0x0000007c       0x7d Src\usart.o

.debug_frame    0x00000000     0x2770
 .debug_frame   0x00000000      0x1b0 Drivers\STM32F1xx_HAL_Driver\Src\stm32f1xx_hal.o
 .debug_frame   0x000001b0      0x120 Drivers\STM32F1xx_HAL_Driver\Src\stm32f1xx_hal_cortex.o
 .debug_frame   0x000002d0      0x144 Drivers\STM32F1xx_HAL_Driver\Src\stm32f1xx_hal_dma.o
 .debug_frame   0x00000414       0xd4 Drivers\STM32F1xx_HAL_Driver\Src\stm32f1xx_hal_gpio.o
 .debug_frame   0x000004e8      0x684 Drivers\STM32F1xx_HAL_Driver\Src\stm32f1xx_hal_i2c.o
 .debug_frame   0x00000b6c      0x150 Drivers\STM32F1xx_HAL_Driver\Src\stm32f1xx_hal_rcc.o
 .debug_frame   0x00000cbc      0x854 Drivers\STM32F1xx_HAL_Driver\Src\stm32f1xx_hal_tim.o
 .debug_frame   0x00001510      0x320 Drivers\STM32F1xx_HAL_Driver\Src\stm32f1xx_hal_tim_ex.o
 .debug_frame   0x00001830      0x4a0 Drivers\STM32F1xx_HAL_Driver\Src\stm32f1xx_hal_uart.o
 .debug_frame   0x00001cd0      0x1a8 Src\MPU6050.o
 .debug_frame   0x00001e78       0x38 Src\gpio.o
 .debug_frame   0x00001eb0       0x60 Src\i2c.o
 .debug_frame   0x00001f10      0x18c Src\main.o
 .debug_frame   0x0000209c       0x28 Src\stm32f1xx_hal_msp.o
 .debug_frame   0x000020c4       0xd0 Src\stm32f1xx_it.o
 .debug_frame   0x00002194       0x30 Src\system_stm32f1xx.o
 .debug_frame   0x000021c4       0x94 Src\tim.o
 .debug_frame   0x00002258       0x94 Src\usart.o
 .debug_frame   0x000022ec       0x2c c:/program files (x86)/atollic/truestudio for stm32 9.2.0/armtools/bin/../lib/gcc/arm-atollic-eabi/6.3.1/../../../../arm-atollic-eabi/lib/armv7-m\libc.a(lib_a-init.o)
 .debug_frame   0x00002318       0x20 c:/program files (x86)/atollic/truestudio for stm32 9.2.0/armtools/bin/../lib/gcc/arm-atollic-eabi/6.3.1/../../../../arm-atollic-eabi/lib/armv7-m\libc.a(lib_a-memset.o)
 .debug_frame   0x00002338       0x20 c:/program files (x86)/atollic/truestudio for stm32 9.2.0/armtools/bin/../lib/gcc/arm-atollic-eabi/6.3.1/../../../../arm-atollic-eabi/lib/armv7-m\libm.a(lib_a-w_atan2.o)
 .debug_frame   0x00002358       0x48 c:/program files (x86)/atollic/truestudio for stm32 9.2.0/armtools/bin/../lib/gcc/arm-atollic-eabi/6.3.1/../../../../arm-atollic-eabi/lib/armv7-m\libm.a(lib_a-e_atan2.o)
 .debug_frame   0x000023a0       0x38 c:/program files (x86)/atollic/truestudio for stm32 9.2.0/armtools/bin/../lib/gcc/arm-atollic-eabi/6.3.1/../../../../arm-atollic-eabi/lib/armv7-m\libm.a(lib_a-s_atan.o)
 .debug_frame   0x000023d8       0x20 c:/program files (x86)/atollic/truestudio for stm32 9.2.0/armtools/bin/../lib/gcc/arm-atollic-eabi/6.3.1/../../../../arm-atollic-eabi/lib/armv7-m\libm.a(lib_a-s_fabs.o)
 .debug_frame   0x000023f8       0xac c:/program files (x86)/atollic/truestudio for stm32 9.2.0/armtools/bin/../lib/gcc/arm-atollic-eabi/6.3.1/armv7-m\libgcc.a(_arm_addsubdf3.o)
 .debug_frame   0x000024a4       0x50 c:/program files (x86)/atollic/truestudio for stm32 9.2.0/armtools/bin/../lib/gcc/arm-atollic-eabi/6.3.1/armv7-m\libgcc.a(_arm_muldivdf3.o)
 .debug_frame   0x000024f4       0xc4 c:/program files (x86)/atollic/truestudio for stm32 9.2.0/armtools/bin/../lib/gcc/arm-atollic-eabi/6.3.1/armv7-m\libgcc.a(_arm_cmpdf2.o)
 .debug_frame   0x000025b8       0x24 c:/program files (x86)/atollic/truestudio for stm32 9.2.0/armtools/bin/../lib/gcc/arm-atollic-eabi/6.3.1/armv7-m\libgcc.a(_arm_fixunsdfsi.o)
 .debug_frame   0x000025dc       0x24 c:/program files (x86)/atollic/truestudio for stm32 9.2.0/armtools/bin/../lib/gcc/arm-atollic-eabi/6.3.1/armv7-m\libgcc.a(_arm_truncdfsf2.o)
 .debug_frame   0x00002600       0x4c c:/program files (x86)/atollic/truestudio for stm32 9.2.0/armtools/bin/../lib/gcc/arm-atollic-eabi/6.3.1/armv7-m\libgcc.a(_arm_addsubsf3.o)
 .debug_frame   0x0000264c       0x38 c:/program files (x86)/atollic/truestudio for stm32 9.2.0/armtools/bin/../lib/gcc/arm-atollic-eabi/6.3.1/armv7-m\libgcc.a(_arm_muldivsf3.o)
 .debug_frame   0x00002684       0xc8 c:/program files (x86)/atollic/truestudio for stm32 9.2.0/armtools/bin/../lib/gcc/arm-atollic-eabi/6.3.1/armv7-m\libgcc.a(_arm_cmpsf2.o)
 .debug_frame   0x0000274c       0x24 c:/program files (x86)/atollic/truestudio for stm32 9.2.0/armtools/bin/../lib/gcc/arm-atollic-eabi/6.3.1/armv7-m\libgcc.a(_arm_fixsfsi.o)
